LAMPADA FLUORESCENTE 34 W#34
LAMPADA VAPOR MERCURIO 125 W#125
LAMPADA VAPOR  MERCURIO 250 W#250
LAMPADA VAPOR  MERCURIO 400 W#400
LAMPADA VAPOR  MERCURIO 700 W#700
LAMPADA VAPOR  MERCURIO 1000 W#1000
LAMPADA VAPOR  MERCURIO 2000 W#2000
LAMPADA VAPOR  SODIO 35 W#35
LAMPADA VAPOR  SODIO 50 W#50
LÂMPADA VAPOR  DE SÓDIO 70 W#70
LÂMPADA VAPOR  DE SÓDIO 150 W#150
LAMPADA VAPOR  SODIO 210 W#210
LAMPADA VAPOR  SODIO 215 W#215
LÂMPADA VAPOR  DE SÓDIO 250 W#250
LAMPADA VAPOR  SODIO 350 W#350
LAMPADA VAPOR  SODIO 360 W#360
LÂMPADA VAPOR  DE SÓDIO 400 W#400
LAMPADA VAPOR  SODIO 1000 W#1000
LAMPADA FLUORESCENTES 15 W#15
LAMPADA FLUORESCENTES 16 W#16
LAMPADA FLUORESCENTES 18 W#18
LAMPADA FLUORESCENTES 20 W#20
LAMPADA FLUORESCENTES 30 W#30
LAMPADA FLUORESCENTES 32 W#32
LAMPADA FLUORESCENTES 36 W#36
LÂMPADA FLUORESCENTES 40 W#40
LAMPADA FLUORESCENTES 58 W#58
LAMPADA FLUORESCENTES 65 W#65
LAMPADA FLUORESCENTES 110 W#110
LAMPADA INCANDESCENTE 150 W#150
LAMPADA INCANDESCENTE 25 W#25
LAMPADA INCANDESCENTE 50 W#50
LAMPADA INCANDESCENTE 60 W#60
LÂMPADA HALÓGENA 90 W#90
LÂMPADA INCANDESCENTE 150 W#150
LAMPADA INCANDESCENTE 220 W#220
LAMPADA INCANDESCENTE 240 W#240
LAMPADA INCANDESCENTE 250 W#250
LAMPADA INCANDESCENTE 300 W#300
LAMPADA INCANDESCENTE 500 W#500
LAMPADA INCANDESCENTE 200 W#200
LAMPADA INCANDESCENTE 1500 W#1500
LÂMPADA MISTA 160 W#160
LÂMPADA MISTA 250 W#250
LAMPADA MISTA#300
LÂMPADA MISTA 500 W#500
LÂMPADA  HALÓGENA 150 W#150
LÂMPADA HALÓGENA 300 W#300
LAMPADA DICROICA 250 W#250
LAMPADA MULTIVAPOR METALICA 150 W#150
LAMPADA MULTIVAPOR METALICA 400 W#400
LÂMPADA MULTIVAPOR METÁLICO 1000 W#1000
LAMPADA MULTIVAPOR METALICA 2000 W#2000
LAMPADA VAPOR MERCURIO 150 W#150
LAMPADA VAPOR MERCURIO 360 W#360
LAMPADA MISTA 150 W#150
LAMPADA VAPOR DE SODIO 125 W#125
LAMPADA MULTIVAPOR METALICO 175 W#175
LAMPADA MULTIVAPOR METALICO 250 W#250
LAMPADA INCADESCENTE 40 W#40
LAMPADA FLUORESCENTE 26 W#26
LAMPADA HALOGENA#1000
LAMPADA VAPOR SODIO 80 W#80
LAMPADA VAPOR MERCURIO 500 W#500
LAMPADA MISTA 400 W#400
LAMPADA VAPOR SODIO 100 W#100
LAMPADA HALÓGENA 1000 W#1000
LAMPADA FLUORESCENTE 40 W#40
LAMPADA FLUORESCENTE 300 W#300
ELEVADOR#2000
CAFETEIRA#1000
CHUVEIRO ELÉTRICO 2800 W#2800
CHUVEIRO ELÉTRICO 3200 W#3200
CHUVEIRO ELÉTRICO 4400 W#4400
CHUVEIRO ELÉTRICO 6500 W#6500
COND DE AR 4.700 BTUS#760
COND DE AR 7.000 BTU#1128
COND DE AR 8.000 BTUS#1289
COND DE AR 9.000 BTUS#1450
COND DE AR 10.000 BTUS#1650
COND DE AR 11.000 BTUS#1705
COND DE AR 12.000 BTUS#1900
COND DE AR 14.000 BTUS#1950
COND DE AR 18.000 BTUS#2650
COND DE AR 21.000 BTUS#3100
COND DE AR 26.000 BTUS#3838
COND DE AR 27.000 BTUS#4263
COND DE AR 30.000 BTUS#4651
ENCERADEIRA#500
ESPREMEDOR DE FRUTAS#80
BOMBA AQUÁRIO GRANDE#10
EXAUSTOR PARA FOGÃO#170
BOMBA AQUÁRIO PEQUENO#5
CORTADOR DE GRAMA GRANDE#1140
CORTADOR DE GRAMA PEQUENO#500
FERRO ELÉTRICO#1000
EXAUSTOR PAREDE#110
FOGÃO ELÉTRICO#90
FOGÃO ELÉTRICO 4 CHAPAS#9120
FORNO À RESISTÊNCIA GRANDE#1500
FORNO ELÉTRICO#2000
FREEZER VERTICAL#220
FREEZER#260
LAMPADA LED 90 W#90
FREEZER VITRINE#600
FREEZER BALCAO#1472
GRILL#1200
LAMPADA#9
LAMPADA COMPACTA#20
LÂMPADA COMPACTA#25
LÂMPADA COMPACTA#40
LÂMPADA COMPACTA#60
LIXADEIRA#2500
LÂMPADA COMPACTA#100
LÂMPADA COMPACTA#150
LÂMPADA COMPACTA#160
LÂMPADA COMPACTA#200
LÃMPADA COMPACTA#400
LÂMPADA EM POSTE JARDIM C/ FOTO CÉLULA#500
MULTIPROCESSADOR#460
RÁDIO RELÓGIO#5
LIQUIDIFICADOR#350
LÂMPADA FLUORESCENTES 12 W - IP#12
MASSEIRA (PADARIA)#2800
LAMPADA LED 40W#40
MÁQUINA REMENDAR PNEUS#1000
MÁQUINA DE CALCULAR#50
MÁQUINA DE COSTURA#100
LÂMPADA FLUORESCENTES 13 W - IP#13
SECADOR DE CABELOS PEQUENO#600
MÁQUINA DE LAVAR ROUPA S/ AQUECEDOR#600
MÁQUINA DE LAVAR ROUPA C/ AQUECEDOR#1800
AQUECEDOR DE AMBIENTE#1550
MICROCOMPUTADOR (MONITOR)#300
MICROCOMPUTADOR CPU#300
MOEDOR DE CARNE#320
MOTOR BOMBA DE 1/4 HP#187
MOTOR BOMBA DE 1/3 HP#248
MOTOR BOMBA DE 1/2 HP#373
MOTOR BOMBA DE 3/4 HP#559
MOTOR BOMBA DE 1 HP#746
MOTOR BOMBA DE 1 1/4 HP#933
MOTOR BOMBA DE 1 1/2 HP#1119
MOTOR BOMBA DE 2 HP#1492
MOTOR BOMBA DE 3 HP#2238
MOTOR BOMBA DE 4HP#2984
MOTOR BOMBA DE 5HP#3730
MOTOR BOMBA DE 1/4 CV#184
MOTOR BOMBA DE 1/3 CV#245
MOTOR BOMBA DE 1/2 CV#368
MOTOR BOMBA DE 3/4 CV#552
MOTOR BOMBA DE 1 CV#736
MOTOR BOMBA DE 1 1/4 CV#920
MOTOR BOMBA DE 1 1/2 CV#1104
MOTOR BOMBA DE 2 CV#1472
MOTOR BOMBA DE 3 CV#2208
MOTOR BOMBA DE 4 CV#2944
MOTOR BOMBA DE 5 CV#3680
OZONIZADOR#50
MICRO SYSTEM#60
RADIO#40
AQUECEDOR DE MAMADEIRA#100
ASPIRADOR DE PÓ#1000
BOILER 50 e 60 L#1500
BOILER 100 L#2030
BOILER 200 a 500 L#3000
CIRCULADOR AR GRANDE#200
CIRCULADOR AR PEQUENO/MÉDIO#90
COMODO BANHEIRO#6
GELADEIRA 1 PORTA#90
GELADEIRA 2 PORTAS#130
MÁQUINA DE FURAR#350
TELEVISOR TUBO 14#65
TELEVISOR TUBO 21#85
TELEVISOR TUBO 29#135
TELEVISOR LCD 22#55
TELEVISOR LCD 19#30
TELEVISOR LCD 24#43
TELEVISOR LCD 26#85
TELEVISOR LCD 32#120
TELEVISOR LCD 37#160
TELEVISOR LCD 40#170
TELEVISOR#100
TORRADEIRA#1500
CHUVEIRO#5000
LAMPADA LED 150 W#150
LAMPADA LED 120 W#120
LAMPADA FLUORESCENTE 80 W#80
LAMPADA FLUORESCENTE 110 W#110
VENTILADOR DE TETO#200
VENTILADOR PEQUENO#65
VENTILADOR GRANDE#150
COMODO COZINHA#80
ROTEADOR#10
VIDEO GAME#15
COMODO QUARTO#60
MÁQUINA DE REMENDAR PNEUS#1000
MODELADORA (PADARIA)#1800
MÁQUINA DE SOLDA#5000
LAMPADA LED 200 W#200
AFIADOR DE FACA#40
ALARME DE SEGURANÇA#150
AMACIADOR DE CARNE#746
AMPLIFICADOR#200
BALCÃO VITRINE 368 W#368
COMODO SALA#15
CAMPAINHA#100
CARREGADOR DE CELULAR#50
CD PLAYER#30
CENTRAL TELEFONICA#650
CENTRIFUGA#250
CHAPA#700
CHURRASQUEIRA#3800
FATIADOR DE FRIOS#245
CORTADOR DE GRAMA#500
CORTADOR DE PÃO#186
Lâmpada LED 190W#190
COMPRESSOR 1CV#736
DVD PLAYER#50
ESCOVA MODELADORA#120
ESTERELIZADOR#200
MODEM DE INTERNET#12
EXTRATOR DE SUCOS#500
FACA ELÉTRICA#220
FAX#50
FERRO DE SOLDA#500
FILTRO DE PISCINA#800
FLIPPER (GAME)#186
FRIGOBAR#70
GELAGUA#93
HIDROMASSAGEM#1200
IMPRESSORA RESIDENCIAL#100
INTERFONE#15
IOUGURTEIRA#26
LAMPADA FLUORESCENTE 15W#15
LÂMPADA MULTIVAPOR METÁLICO 1500 W#1500
LAMPADA FLUORESCENTE#25
LÂMPADA FLUORESCENTE#40
LÂMPADA FLUORESCENTE#60
LÂMPADA FLUORESCENTE#160
LAMPADA EM POSTE JARDIM C/ FOTO CÉLULA#100
LÂMPADA INCANDESCENTE#20
COMPRESSOR 10 CV#7360
LÂMPADA FLUORESCENTE#100
MÁQUINA VULGANIZADORA#300
LÂMPADA FLUORESCENTE#60
FURADEIRA#350
TELEVISOR LCD 46#210
MAQUINA DE LAVAR LOUÇAS#1350
LÂMPADA FLUORESCENTE#40
LÂMPADA FLUORESCENTE 48W#48
LÂMPADA FLUORESCENTE#20
LÂMPADA FLUORESCENTE#150
Lâmpada LED 264W#264
MICRO ONDAS#1200
MINI FORNO#800
LÂMPADA INCANDESCENTE#400
MOSQUITEIRO#80
MULTIMIX - LIQUID.#80
NEBOLIZADOR#50
PANELA ELÉTRICA#1100
ANTENA PARABOLICA#22
PIPOQUEIRA#110
PORTAO ELETRONICO#373
SAUNA#5000
SCANNER#100
STERILAIR#40
SECADORA DE ROUPA#2000
SECRETÁRIA ELETRÔNICA#100
SERRA ELÉTRICA#240
SORVETEIRA#25
TECLADO MUSICAL#25
TELEFONE SEM FIO#100
TORNEIRA ELÉTRICA#3500
BALANÇA ELÉTRICA#150
MOTOR BOMBA 7,5 CV#5520
LÂMPADA INCANDESCENTE#200
CÂMARA#2208
LÂMPADA INCANDESCENTE#160
LÂMPADA INCANDESCENTE#25
LÂMPADA INCANDESCENTE#40
LÂMPADA INCANDESCENTE#60
TELEVISOR LCD 47#230
LÂMPADA INCANDESCENTE#100
LÂMPADA INCANDESCENTE#150
TELEVISOR LED 16#9
CORTADOR DE CERÂMICA#850
FRITADEIRA#1200
SELADORA#1200
MAQUINA DE FAZER SORVETE#1720
FORRAGEIRA#7360
REATOR#20
POLICORTE#1472
TORNO MECÂNICO#736
CORRUPIO#736
CAÇA NIQUEL#200
LÂMPADA FLUORESCENTE#160
BALCÃO VITRINE 1800 W#1800
BALCÃO VITRINE 1000 W#1000
LÂMPADA FLUORESCENTES 9 W - IP#9
LÂMPADA FLUORESCENTE 60 W#60
LÂMPADA VAPOR MERCÚRIO 500 W - IP#500
LÂMPADA FLUORESCENTES 25 W - IP#25
LÂMPADA INCANDESCENTES 40 W - IP#40
TELEVISOR LCD 42#190
APARELHO DE SOM#120
FORNO DE BIER (FISIOTERAPIA)#800
REATOR#28
REATOR#36
MÁQUINA DE XEROX (COPIADORA)#1320
REFLETOR#300
AEROSOL#50
BETONEIRA#2208
MOEDOR DE CANA#2208
COND DE AR 15.000 BTUS#2475
VAPORIZADOR#300
MASSAGEADOR#30
MESA DE OPERAÇÃO DE AUDIO#100
MÁQUINA DE COSTURA  ORVELOC#368
MÁQUINA DE COSTURA -  GOLEIRA#368
TELEVISOR LED 22#30
BOMBA DE COMBUSTÍVEL#1104
MACACO ELEVADOR#1472
MÁQUINA DE ALINHAMENTO#440
MÁQUINA DE DESEMBEIÇAR PNEUS#1472
MÁQUINA DE BALANCEAMENTO#440
CARREGADOR DE BATERIA#350
ESTUFA#350
ESTUFA (PINTURA DE CARRO)#2208
TELEVISOR LED 24#33
CENTRAL DE AR COND#6600
MÁQUINA DE CARTÃO DE CREDITO#25
SECADORA INDÚSTRIAL#2208
MÁQUINA DE LAVAR ROUPA INDÚSTRIAL 7360W#7360
CENTRIFUCA INDUSTRIAL#2208
CENTRIFUGA INDUSTRIAL#3680
CHOCADEIRA#550
MÁQUINA DE LAVAR E DEPENAR FRANGO#158
MÁQUINA DE LAVAR E DEPENAR DE FRANGO#736
MÁQUINA SELADORA#300
MÁQUINA DE LAVAR ROUPA INDUSTRIAL 3680W#3680
RCP (TV A CABO)#80
MESA TÉRMICA (SERIGRAFIA)#8800
TELEVISOR LED 28#39
POLIMERISSADERA (SERIGRAFIA)#3960
MISTURADOR (SERIGRAFIA)#1104
ENROLADERA DE TECIDOS (SERIGRAFIA)#245
MÁQUINA POLITRIZ#850
MEXEDOR (SORVETERIA)#368
BATEDEIRA#368
TELEVISOR LED 32#70
MOTOR SERRA#736
TELEVISOR LED 37#100
TELEVISOR LED 39#100
MOTOR DE VENTILAÇÃO#5152
TELEVISOR LED 42#120
MÁQUINA REGISTRADORA#45
MÁQUINA DE CORTAR AZULEJO#1300
VIBRADOR#1472
FILMADORA#40
CILINDRO (PADARIA)#736
MÁQUINA DE EMPLASTIFICAR#200
GUINCHO#840
MUCK#2944
BANHEIRA COM AQUECEDOR#1540
MULTI FRITAS#4422
MÁQUINA LAVAR CARRO - LAVA-A-JATO#1460
MÁQUINA DE CORTAR CABELO#10
APLAINADEIRA (SERRARIA)#5520
TUPIA (SERRARIA)#3680
EMPINADEIRA/ESPIGADEIRA(SERRARIA)#1472
CHOPEIRA#2650
MÁQUINA DE REFRIGERANTE#2650
AQUÁRIO#100
CALISTO#22
IMPRESSORA PARA BALANÇA#220
COMODO AREA EXTERNA#12
LÂMPADA ALÓGENA 400W - IP#400
PROCESSADOR DE FILMES#80
CADEIRA ODONTOLÓGICA#100
TELEVISOR LED 46#140
APARELHO DE RAIO X#1020
DESTILADOR#4000
RESISTÊNCIA#500
ESTEIRA ELÉTRICA#746
TELEVISOR LED 49#180
LÂMPADA INCANDESCENTE#40
DEBULHADOR DE MILHO#2208
ESMERIL#368
URV (TELEMAR)#600
TESOURA DE CORTE (COSTURA)#150
MÁQUINA DE CHANFRAR#594
FRAGMENTADOR DE PAPEIS#560
NOBREAK#6000
ESTABILIZADOR#3000
TORNO (SERRARIA)#184
TELEVISOR LED 55#190
TELEVISOR LED 60#190
MAQUITA#250
TELEVISOR LED 75#300
TELEVISOR PRETO E BRANCO#40
TELEVISOR PORTÁTIL#40
LAMPADA FLUORESCENTE 46 W#46
FOCO CIRUGICO#3000
CARRO DE ANESTESIA#5000
APARELHO DE TESTE ERGOMÉTRICO#1900
APARELHO ECOCARDIOGRAMA#660
BOMBA DE INFUSSÃO#1815
APARELHO DE ELETROCARDIOGRAMA#2000
CARRO DE EMERGÊNCIA#2360
RESPIRADOR HOSPITALAR#600
MONITOR CARDÍACO#1089
RETIFICADOR DE POTÊNCIA#9000
CAIXA DE SOM#440
MACENEIRA#2208
CAIXA 24 HORAS - BANCOS#2200
LAMPADA LED 190W#190
TRANSMISSOR DETORRE DE TELEVISÃO#310
RELEIVES DE TORRE DETELEVISÃO#25
IMPRESSORA COMERCIAL#1340
FERRO ELÉTRICO 800W#800
SUGGAR 100W#100
PLACA PUBLICITÁRIA#2000
LÂMPADA VAPOR DE MERCÚRIO 70 W#70
LÂMPADA VAPOR DE MERCÚRIO 80 W#80
LÂMPADA VAPOR DE MERCÚRIO 125 W#125
LÂMPADA VAPOR DE MERCÚRIO 150 W#150
LÂMPADA VAPOR DE MERCÚRIO 160 W#160
LÂMPADA VAPOR DE MERCÚRIO 250 W#250
LÂMPADA VAPOR DE MERCÚRIO 360 W#360
LÂMPADA VAPOR DE MERCÚRIO 400 W#400
LÂMPADA VAPOR DE MERCÚRIO 500 W#500
LÂMPADA VAPOR DE MERCÚRIO 700 W#700
LÂMPADA VAPOR DE MERCÚRIO 800 W#800
LÂMPADA VAPOR DE MERCÚRIO 1000 W#1000
LÂMPADA VAPOR DE MERCÚRIO 2000 W#2000
LÂMPADA MISTA 80 W#80
LÂMPADA MISTA 150 W#150
LÂMPADA MISTA 100 W#100
LÂMPADA MISTA 160 W#160
LÂMPADA MISTA 250 W#250
LÂMPADA MISTA 300 W#300
LÂMPADA MISTA 360 W#360
LÂMPADA MISTA 400 W#400
LÂMPADA MISTA 500 W#500
LÂMPADA VAPOR  DE SÓDIO 35 W#35
LÂMPADA VAPOR  DE SÓDIO 50 W#50
LÂMPADA VAPOR  DE SÓDIO 70 W#70
LÂMPADA VAPOR  DE SÓDIO 80 W#80
LÂMPADA VAPOR  DE SÓDIO 100 W#100
LÂMPADA VAPOR  DE SÓDIO 125 W#125
LÂMPADA VAPOR  DE SÓDIO 150 W#150
LÂMPADA VAPOR  DE SÓDIO 210 W#210
LÂMPADA VAPOR  DE SÓDIO 215 W#215
LÂMPADA VAPOR  DE SÓDIO 250 W#250
LÂMPADA VAPOR  DE SÓDIO 350 W#350
LÂMPADA VAPOR  DE SÓDIO 360 W#360
LÂMPADA VAPOR  DE SÓDIO 370 W#370
LÂMPADA VAPOR  DE SÓDIO 400 W#400
LÂMPADA VAPOR  DE SÓDIO 500 W#500
LÂMPADA VAPOR  DE SÓDIO 1000 W#1000
LÂMPADA MULTIVAPOR METÁLICO 70 W#70
LÂMPADA MULTIVAPOR METÁLICO 150 W#150
LÂMPADA MULTIVAPOR METÁLICO 175 W#175
LÂMPADA MULTIVAPOR METÁLICO 250 W#250
LÂMPADA MULTIVAPOR METÁLICO 400 W#400
LÂMPADA MULTIVAPOR METÁLICO 1000 W#1000
LÂMPADA MULTIVAPOR METÁLICO 2000 W#2000
LÂMPADA INCANDESCENTE 15 W#15
LÂMPADA INCANDESCENTE 25 W#25
LÂMPADA INCANDESCENTE 40 W#40
LÂMPADA INCANDESCENTE 50 W#50
LÂMPADA INCANDESCENTE 60 W#60
LÂMPADA INCANDESCENTE 100 W#100
LÂMPADA INCANDESCENTE 150 W#150
LÂMPADA INCANDESCENTE 200 W#200
LÂMPADA INCANDESCENTE 240 W#240
LÂMPADA INCANDESCENTE 250 W#250
LÂMPADA INCANDESCENTE 300 W#300
LÂMPADA INCANDESCENTE 500 W#500
LÂMPADA INCANDESCENTE 1000 W#1000
LÂMPADA INCANDESCENTE 1500 W#1500
LÂMPADA FLUORESCENTES 15 W#15
LÂMPADA FLUORESCENTES 16 W#16
LÂMPADA FLUORESCENTES 18 W#18
LÂMPADA FLUORESCENTES 20 W#20
LÂMPADA FLUORESCENTES 26 W#26
LÂMPADA FLUORESCENTES 27 W#27
LÂMPADA FLUORESCENTES 30 W#30
LÂMPADA FLUORESCENTES 32 W#32
LÂMPADA FLUORESCENTES 35 W#35
LÂMPADA FLUORESCENTES 36 W#36
LÂMPADA FLUORESCENTES 40 W#40
LÂMPADA FLUORESCENTES 58 W#58
LÂMPADA FLUORESCENTES 65 W#65
LÂMPADA FLUORESCENTES 75 W#75
LÂMPADA FLUORESCENTES 110 W#110
LÂMPADA FLUORESCENTES 300 W#300
LÂMPADA  HALÓGENA 20 W#20
LÂMPADA  HALÓGENA 35 W#35
LÂMPADA  HALÓGENA 50 W#50
LÂMPADA  HALÓGENA 100 W#100
LÂMPADA  HALÓGENA 150 W#150
OUTROS 38W#38
LÂMPADA  HALÓGENA 300 W#300
LÂMPADA  HALÓGENA 500 W#500
LÂMPADA  HALÓGENA 1000 W#1000
LAMPADA LED 300 W#300
LAMPADA HALOGENA 70 W#70
LAMPADA LED 72 W#72
LAMPADA LED 60 W#60
LAMPADA FLUORECENTE 32 W ACESSA 24H#32
LAMPADA FLUORECENTE 35 W ACESSA 24H#35
LAMPADA FLUORECENTE 45 W ACESSA 24H#45
LAMPADA FLUORECENTE 40 W ACESSA 24H#40
LAMPADA LED 50W ACESA 24H#50
LAMPADA LED 100W ACESA 24H#100
LAMPADA LED 130W ACESA 24H#130
LAMPADA MULTIVAPOR METAL 100W ACESA 24H#100
LAMPADA MULTIVAPOR METAL 250W ACESA 24H#250
OUTROS 150 W#150
LÂMPADA VAPOR  DE SÓDIO 2000 W#2000
LAMPADA LED 16W#16
LAMPADA LED 80W#80
LAMPADA LED 7W#7
LAMPADA LED 24W#24
LAMPADA LED 70W#70
LÂMPADA LED 160W#160
OUTROS 15 W#15
LÂMPADA FLUORESCENTES 11 W#11
OUTROS 90 W#90
LÂMPADA HALÓGENA 400 W#400
LAMPADA FLUORESCENTE 13 W#13
OUTROS 15 W#15
OUTROS 26 W#26
OUTROS 40 W#40
OUTROS 120 W#120
LÂMPADA LED 160W#160
LÂMPADA MULTIVAPOR METÁLICO 500 W#500
LÂMPADA HALÓGENA 175 W#175
LÂMPADA HALÓGENA 40 W#40
OUTROS 50 W SEM PERDAS#50
OUTROS 75 W SEM PERDAS#75
OUTROS 100 W SEM PERDAS#100
LÂMPADA PAR 100 W#100
LÂMPADA VAPOR DE SÓDIO 300 W#300
LÂMPADA PAR30  SEM PERDAS 75 W#75
OUTROS 450 W#450
LÂMPADA MULTIVAPOR METÁLICO 100 W#100
LÃMPADA VAPOR METALICO 250 W#250
LÃMPADA VAPOR METALICO 400 W#400
LÂMPADA HALÓGENA 250 W#250
LÂMPADA FLUORESCENTE 23 W#23
LÂMPADA FLUORESCENTE 60 W#60
LÂMPADA HALOGENA 100 W#100
LÂMPADA VAPOR  DE SÓDIO 160 W#160
LAMPADA FLUORESCENTE 53 W#53
LAMPADA PAR 80 W#80
LAMPADA PAR 135 W#135
LAMPADA PAR 150 W#150
LAMPADA HALOGENA 100 W#100
LAMPADA MULTIVAPOR METALICO 250 W#250
OUTROS 3W COM PERDA#3
LÂMPADA FLUORESCENTES 45 W#45
LÂMPADA FLUORESCENTES 53 W#53
LÂMPADA FLUORESCENTES 60 W#60
LAMPADA FLUORESCENTE 90W#90
LÂMPADA FLUORESCENTES 15 W#15
LAMPADA INCANDESCENTE 40 W#40
LAMPADA FLUORESCENTE 11 W#11
LAMPADA FLUORESCENTE 26 W#26
LÂMPADA FLUORESCENTE 5 W#5
LÂMPADA MULTIVAPOR METÁLICO 100 W#100
LAMPADA FLUORESCENTE 85 W#85
LÂMPADA PAR 38#100
LAMPADA FLUORESCENTE DE 26 W#26
VAPOR DE MERCURIO DE 400 W#400
MULTIVAPOR METALICO DE 250 W#250
MULTIVAPOR METALICO DE 400 W#400
Fluorescente de 60W#60
LÂMPADA FLUORESCENTE 45 W#45
LÀMPADA HALÓGENA 200 W#200
LÂMPADA FLUORESCENTE 9W#9
LÂMPADA PAR 20 100 W#100
LAMPADA VAPOR DE SODIO 26W#26
LAMPADA VAPOR MERCURIO 70W#70
LAMPADA VAPOR SODIO 100 W#100
LAMPADA FLUORESCENTE 59 W#59
LAMPADA VAPOR DE SODIO 100W#100
LAMPADA LED 28W#28
LAMPADA FLUORESCENTES 8 W#8
LAMPADA FLUORESCENTE 25 W#25
LAMPADA FLUORESCENTE 48 W#48
LAMPADA LED 18W#18
LAMPADA FLUORESCENTE 21W#21
LAMPADA VAPOR DE MERCURIO 150 24H#150
LAMPADA FLUORESCENTE 60 W#60
LAMPADA INCADESCENTE 100 W (ACESA 24H)#100
LAMPADA MISTA 250 W (ACESA 24H)#250
LAMPADA MISTA 500 W (ACESA 24H)#500
LAMPADA MISTA 160 W (ACESA 24H)#160
LAMPADA VAPOR MERCURIO 125 W (ACESA 24H)#125
LAMPADA VAPOR MERCURIO 250 W (ACESA 24H)#250
LAMPADA VAPOR MERCURIO 400 W (ACESA 24H)#400
LAMPADA VAPOR DE SODIO 150 W#150
LAMPADA VAPOR DE SODIO 250 W#250
LAMPADA VAPOR DE SODIO 400 W#400
LAMPADA VAPOR DE SODIO 70 W#70
LAMPADA VAPOR METALICO 400 W#400
LAMPADA VAPOR METALICO 250 W#250
LAMPADA FLUORESCENTE 15 W (ACESA 24H)#15
LAMPADA FLUORESCENTE 20 W (ACESA 24H)#20
LAMPADA FLUORESCENTE 40 W (ACESA 24H)#40
LAMPADA FLUORESCENTE 53 W (ACESA 24H)#53
LAMPADA VAPOR DE SODIO 100 W (ACESA 24H)#100
LAMPADAS FLUORESCENTES 34 W#34
LAMPADA LED 25 W#25
LAMPADA MULTIVAPOR METALICO 1500 W#1500
LAMPADA FLUORESCENTE 23W#23
LÂMPADA PAR 38 90W#90
LAMPADA LED 8W#8
LÂMPADA  HALÓGENA 250 W#250
LAMPADA LED 12W#12
LAMPADA INCADESCENTE 60 W (ACESA 24H)#60
LAMPADA FLUORESCENTE 30W#30
LAMPADA LED 500 W#500
LAMPADA LED 12W#12
LAMPADA LED 21W#21
LAMPADA HALOGINA 150 W (ACESA 24H)#150
LAMPADA FLUORECENTE 60 W(ACESA 24H)#60
LAMPADA VAPOR MERCURIO 80 W#80
LAMPADA VAPOR METALICO 150 W (ACESA 24H)#150
LÂMPADA PAR38 120 W#120
LAMPADA LED 32 W#32
LAMPADA VAPOR METALICA 150 W  24H#150
LAMPADA LED 39W#39
LAMPADA LED 84W#84
LÂMPADA PAR 80 W#80
LAMPADA HALOGENA 100 W#100
LAMPADA FLUORESCENTE 45 W#45
LAMPADA LED 15W#15
LAMPADA LED 12W#12
LAMPADA LED 21W#21
LAMPADA MISTA DE 250W 24H#250
LÂMPADA DE VAPOR METÁLICO 70W(ACESA 24H)#70
LÂMPADA DE VAPOR MERCÚRIO 80W(ACESA 24H)#80
LAMPADA LED 20 W#20
LAMPADA MULTIVAPOR METALICO 70W#70
LAMPADA LED 117W#117
LAMPADA FLUORESCENTE 50W#50
LAMPADA LED 250W#250
LAMPADA FLUORESCENTE 85W#85
LAMPADA LED 305W#305
LAMPADA VAPOR MERCURIO 80 W (ACESA 24H)#80
LAMPADA VAPOR SODIO 70 W (ACESA 24H)#70
LAMPADA VAPOR SODIO 150 W (ACESA 24H)#150
LAMPADA VAPOR SODIO 250 W (ACESA 24H)#250
LAMPADA LED 1W#1
LAMPADA PAR 50W#50
LAMPADA LED 130W#130
Lâmpada Fluorescente 15W (acesa 24h)#15
Lâmpada Fluorescente 21W (acesa 24h)#21
Lâmpada Fluorescente 30W (acesa 24h)#30
Lâmpada Fluorescente 40W (acesa 24h)#40
Lâmpada Incandescente 100W (acesa 24h)#100
Lâmpada Incandescente 60W (acesa 24h)#60
Lâmpada Mista 160W (acesa 24h)#160
Lâmpada Mista 250W (acesa 24h)#250
Lâmpada Mista 500W (acesa 24h)#500
Lâmpada Vapor de Mercúrio 125W 24H#125
Lâmpada Vapor de Sódio 100W (acesa 24h)#100
Lâmpada Vapor de Sódio 400W (acesa 24h)#400
Lâmpada Multivapor Metálico 250W 24H#250
Lâmpada Multivapor Metálico 400W 24H#400
Lâmpada Halógena 150W (acesa 24h)#150
LED 92W#92
LAMPADA PAR 60W#60
LAMPADA LED 10 W#10
LAMPADA LED 30 W#30
LAMPADA FLUORESCENTE 42 W#42
LAMPADA FLUORESCENTES 20W 24 HORAS#20
LAMPADA VAPOR MERCURIO 125W ACESA 24H#125
LAMPADA MVAPOR METALICO 400W ACESA 24H#400
LAMPADA FLUORESCENTES 7 W#7
LAMPADA LED 11W#11
LAMPADA LED 100W#100
LAMPADA LED 50W#50
LAMPADA PAR 75W#75
LÂMPADA FLUORESCENTE 25W (ACESA 24H)#25
LÂMPADA VAPOR MERCURIO 250W (ACESA 24H)#250
LAMPADA LED 85W#85
LAMPADA FLUORESCENTE 24 W#24
LAMPADA LED 126W#126
LAMPADA LED 180W#180
LAMPADA FLUORESCENTE 14 W#14
LAMPADA FLUORESCENTE 35 W#35
LAMPADA HALOGINA 100 W (ACESA 24H)#100
LÂMPADA VAPOR  DE SÓDIO 400 W (acesa 24h#400
LÂMPADA VAPOR  DE SÓDIO 1000 W (acesa 24#1000