000|LEITURA / FATURAMENTO NORMAL|
001|SEM LEITURA|
002|SEM LEITURA|
003|SEM LEITURA|
004|LEITURA FATURAMENTO/NORMAL(ELETRONICO)|
005|TAXA MINIMA RES 414|
006|LEITURA FATURAMENTO/MINIMO(ELETRONICO)|
008|VIRADO DE MEDIDOR FATURAR NORM|
009|PLACA LUMINOSA/SEMAFORO/CEMITERIO|
013|MEDIA - ART 113|
014|MEDIA - ART 87|
015|FATURAR CONSUMO MEDIDO|
016|FATURAR LEITURA CORTE|
017|FATURAR LEITURA FINAL|
018|UNIDADE CONSUMIDORA SEM DISPLA|
019|DISPLAY DANIFICADO SEM LEITURA|
020|UC FECHADA|
021|UC FECHADA E DESABITADA|
022|UC NAO LOCALIZADA|
023|MEDIDOR OBSTRUIDO/LOCAL IMPROPRIO|
024|QUADRO DO MEDIDOR/VISOR FECHADO|
025|UNIDADE CONSUMIDORA ANEXADA|
026|VISOR MAL POSICIONADO|
027|DISPLAY INTERNO UC FECHADA|
028|UNIDADE  CONSUMIDORA DEMOLIDA|
029|CAO SOLTO|
030|CONSUMIDOR IMPEDIU A LEITURA|
031|MEDIDOR NAO ENCONTRADO NA UC|
032|FALTA DE ACESSO P/ CALAMIDADE PUB|
033|MEDICAO ELETRONICA-LEIT NAO CONFIRMADA|
034|UC FECHADA CLIENTE NAO LIDO FORA SEQUENCIA|
035|INSETOS NO LOCAL DO MEDIDOR|
036|MEDIDOR DANIFICADO, DESCALIBRADO SEM LEITURA|
037|SEM LEITURA NO ARQUIVO|
038|UNID CONSUMIDORA S/MEDIDOR- LI|
039|LEITURA TRIMESTRAL|
040|CONSUMO ACIMA DA MEDIA - FAIXA B|
041|DIFERENCA DE LEITURAS ENTRE 0 E -100|
042|CONSUMO ACIMA DA MEDIA - FAIXA C|
043|LEITURA EXCEDE A CAPACIDADE DO MEDIDOR|
044|DIFERENÇA LEITURA Q ENTRE O E|
045|MEDIDOR DA UC DIFERENTE DO INFORMADO|
046|AUSENCIA DE LEITURA E CODIGO DE OCORRENCIA|
047|QUESTOES OPERACIONAIS|
048|QUEDA DE CONSUMO|
049|TAXA MINIMA COM AVANCO|
051|CONSUMO AJUSTADO UM MES|
052|LEIT. LIDA MÊS INFERIOR LEIT. LIDA ANTERIOR|
053|CONSUMO AJUSTADO FICOU ACIMA DA MEDIA|
054|ORDEM EM ABERTO|
055|MEDIA BYPASS|
056|MODERNIZAÇÃO PARQUE DE MEDIDORES|
057|AREA DE RISCO|
058|LEITURA NÃO CONFIRMADA CRITICA|
059|BYPASS/AREA DE RISCO|
061|AREA RISCO CONTA IMPRESSA|
062|VISOR SUJO/EMBACADO|
063|VISOR SUJO/EMBACADO NO POSTE|
064|VISOR MAL POSICIONADO NO POSTE|
065|MEDIDOR NA CRUZETA|
066|SEM CONDICOES NAVEGABILIDADE|
067|CORRECAO AUTOMATICA LEITURA TRIMESTRAL|
087|MEDICAO ELETRONICA-LEIT NAO CONFIRMADA|
100|CLIENTE JÁ CADASTRADO|
105|CLIENTE SEM MEDIDOR|
110|CLIENTE FORA DE ROTA|
111|LEITURA RECUPERADA _ REPASSE|
112|LEIT RECUPERADA-SUPERVISÓRIO|
113|LEITURA RECUPERADA-PORTAL|
114|LEITURA RECUPERADA_GERADO|
213|CONS AJUSTADO-ART 113|
215|LEIT ALTERADA APOS CONFIRM EM CAMPO|
221|LEITURA ANALISADA E NÃO ALTERA|
222|LEITURA ALTERADA P\\ANALISE|
223|LEIT ALTERADA P/ANALISE C/FOTO|
224|LEIT NÃO CONFIM / CONS VALIDO|
225|LEIT ALTERADA CONSTANTE|
226|CONSUMO NORMAL SMILE|
400|MEDIDOR PARADO|
401|SUSPEITA DE FRAUDE|
402|MEDIDOR GIRANDO AO CONTRARIO|
403|CASA VIZINHA NAO CONSTA NA LISTA|
404|MEDIDOR DESCALIBRADO|
405|MEDIDOR EM LOCAL IMPROPRIO COM|
406|FORNECIMENTO A TERCEIRO|
407|CORRECAO DE FMM|
408|Nº MED NÃO CONFERE C/CADASTRO|
409|Nº ALGARISMO MED NÃO CONFERE|
410|CORRIGIR  CLASSE|
411|CORRIGIR FASES|
412|CORRIGIR  ENDERECO/ROTA DE LEITURA|
413|CORRIGIR NÚMERO DE POSTE|
414|LEITURA FORNEC PELO CONSUMIDOR|
415|LEITURA CONFIRMADA|
416|TROCAR CAIXA DE MEDIDOR|
417|LEITURA C/FOTO - FISCALIZAÇÃO|
418|LÂMPADA ACESA DURANTE O DIA|
419|LÂMPADA QUEBRADA OU APAGADA|
420|U C  COM FRAUDE|
421|CLIENTE NÃO BAIXA RENDA|
422|MEDIDOR INTERNO|
423|QUADRO DE MEDIÇÃO DE MADEIRA|
424|MEDIDOR COM PONTEIRO|
425|QUADRO DE MEDIÇÃO AGRUPADA DE|
426|RAMAL COLETIVO|
427|VIZINHO C/LIGAÇÃO CLANDESTINA|
428|FRAUDE NAS PROXIMIDADES|
430|TERRENO VIZINHO C/CONSTRUÇÃO|
431|MEDIDOR INCLINADO/CAÍDO|
432|POSTO PAGAMENTO AMPLA|
433|AMPLA DIA DIA CONSUMO ESTOURAD|
434|PODA DE ÁRVORE|
435|SITUAÇÃO DE RISCO/CLIENTE|
436|CAIXA FOLLOW-UP SEM LENTE|
437|CAIXA FOLLOW-UP COM LENTE|
438|CABO PRÉ REUNIDO - TRIFÁSICO|
439|CABO CONCÊNTRICO - BIFÁSICO|
440|CABO CONCÊNTRICO - MONOFÁSICO|
441|CLIENTE SEM CAIXA DE CORREIO|
442|COMÉRCIO|
443|LEITURA ALTERADA - POLO|
444|MEDIDOR INTERNO|
445|CX DE BARRAMENTO/RAMAL COLETIVO|
446|MEDIDOR CONVENCIONAL ROTA AMPLA CHIP|
447|OPERAÇÕES NA LEITURA/ENTREGA|
448|LEITURA CONFIRMADA COM FOTO|
449|CLIENTE VERANISTA|
450|LEIT CONFIRMADA C/FOTO-COLETOR|
451|LEIT RECUP - INTERV GESTOR|
452|MEDIDOR EXTERNO|
453|CLIENTE LIDO FORA SEQUENCIA|
510|Faturado por leitura URA|
512|DUVIDOSO FATURADO POR MINIMA|
513|DUVIDOSO FATURADO POR MEDIA|
555|CONSTANTE DIFERENTE 01|
777|SMART CITY|
95|MEDIDOR ELETRÔNICO|
C|CLIENTE SEM FORNECIMENTO|
F|CONSUMO FIXO - FORFAIT|
N|UC SEM MEDIDOR|
S|SEM REGISTRO NO ARQUIVO MOVIMENTO|
SI|CODIGO IRREGULARIDADE INVALIDO|
SL|TAXA MINIMA RES 414|
