*|FATURAMENTO POR MÉDIA|
000|LEITURA / FATURAMENTO NORMAL|
001|UC  SEM LEITURA|
002|SEM LEITURA|
003|SEM LEITURA|
004|LEITURA SMC / FATURAM. NORMAL|
005|TAXA MINIMA RES 414|
006|MEDIA ANTECIPAÇÃO PPU|
007|ASF-NÃO EFETUAR LEITURA|
008|VIRADO DE MEDIDOR FATURAR NORM|
009|PLACA LUMINOSA/SEMAFORO/CEMITERIO|
010|SUSPEITA DE FRAUDE NO MED ELETRONICO|
011|MED ELETRONICO C/DEFEITO|
013|MEDIA ART 113  - RES 414|
014|MEDIA ART 87 - RES414|
015|FATURAR CONSUMO MEDIDO|
016|FATURAR LEITURA CORTE|
017|FATURAR CONSUMO FINAL|
018|MED. DERRETENDO - SEM LEITURA|
019|MEDIDOR ELETRON. DESENERGIZADO|
020|UC FECHADA HABITADA|
021|UC FECHADA E DESABITADA|
022|UC NAO LOCALIZADA|
023|MEDIDOR OBSTRUIDO/LOCAL IMPROPRIO|
024|QUADRO DO MEDIDOR/VISOR FECHADO|
025|VISOR MAL POSICIONADO MEDIDOR INTERNO|
026|CX DE MEDIÇÃO SEM CONDIÇÃO DE LEITURA MEDIDOR INTE|
027|VISOR SUJO/EMBAÇADO MEDIDOR INTERNO|
028|UC DEMOLIDA|
029|CAO SOLTO|
030|CONSUMIDOR IMPEDIU A LEITURA|
031|MEDIDOR NÃO LOCALIZADO|
032|MEDIDOR Ñ ENCONTRADO EM UC C/FORNECIMENTO|
033|QUESTOES OPERACIONAIS|
034|FALTA DE ACESSO P/ALAGAMENTO/ENCHENTE|
035|INSETOS NO LOCAL DO MEDIDOR|
036|MEDIDOR DANIFICADO, DESCALIBRADO SEM LEITURA|
037|MED SUBMERSO SEM LEITURA|
038|FALTA DE ACESSO CALAMIDADE PÚB|
039|LEITURA TRIMESTRAL|
040|CONSUMO ACIMA DA MEDIA - FAIXA B|
041|DIFERENCA DE LEITURAS ENTRE 0 E -100|
042|CONSUMO ACIMA DA MEDIA - FAIXA C|
043|LEITURA EXCEDE A CAPACIDADE DO MEDIDOR|
044|DIFERENÇA LEITURA  ENTRE 0  E - 10|
045|MEDIDOR DA UC DIFERENTE DO INFORMADO|
046|AUSENCIA DE LEITURA E CODIGO DE OCORRENCIA|
047|CONS REATIVO ACIMA DA MÉDIA|
048|QUEDA DE CONSUMO|
049|TAXA MINIMA COM AVANCO|
050|FATURAR CONSUMO ACUMULADO|
051|CONSUMO AJUSTADO UM MES|
052|CONSUMO AJUSTADO A MES NEGATIVO|
053|CONSUMO AJUSTADO FICOU ACIMA DA MEDIA|
054|EM PROCESSO DE TROCA DE MEDIDO|
055|LEIT CONFIRMADA POR FOTO|
056|LEIT CONFIRMADA POR OS LEITURA|
057|LEIT CONFIRMADA POR OS CRITICA|
058|FAT.  NORMAL - ANALISE CRITICA|
059|CONSUMO SAZONAL - ANALISE CRIT|
060|LEIT SMC - FAT NORMAL CRITICA|
061|CONS AJUSTADO  - LEITURA BIMESTRAL|
062|CONS AJUSTADO AUTOMA  LEIT BIMESTRAL.|
063|VISOR SUJO/EMBAÇADO NO POSTE|
064|VISOR MAL POSICIONADO NO POSTE|
065|CX DE MEDIÇÃO SEM CONDIÇÃO DE LEITURA NO POSTE|
066|UC ANEXADA|
068|LEITURA NÃO CONFIRMADA CRÍTICA|
069|AREA DE RISCO|
070|MED. ELETRONICA LEIT NAO CONFIRMADA|
087|CONS AJUSTADO - ART 87|
200|CASA FECHADA P/REPESCAGEM|
213|CONS AJUSTADO - ART 113|
220|LEIT NAO CONFIRM. OS DE CRITICA - CONS. NORMAL|
221|LEIT NÃO CONFIRM. OS DE CRITICA - CONS. MEDIA|
223|LEIT ALTERADA P/ANALISE C/FOTO|
225|LEIT CONFIRMADA C/FOTO-COLETOR|
226|CONSUMO NORMAL SMILE|
400|MEDIDOR PARADO|
401|S.D.F|
402|MEDIDOR GIRANDO AO CONTRARIO|
403|CASA VIZINHA NAO CONSTA NA LISTA|
404|MEDIDOR DESCALIBRADO|
405|MEDIDOR EM LOCAL IMPROPRIO COM|
406|FORNECIMENTO A TERCEIROS|
407|CORRECAO DE FMM|
408|NUMERO MEDIDOR FABRICA NAO CONFERE|
409|NUMERO DE ALGARISMO DE MEDIDOR NAO CONFERE|
410|CORRIGIR  CLASSE|
411|CORRIGIR  FASES|
412|CORRIGIR  ENDERECO/ROTA DE LEITURA|
413|CORRIGIR NUMERO DE POSTE|
414|LEITURA FORNECIDA PELO CONSUMIDOR|
415|LEITURA CONFIRMADA|
416|CAIXA DE MEDIDOR DANIFICADA|
417|CONSUMO INCOMPATIVEL|
418|LAMPADA ACESA DURANTE O DIA|
419|LAMPADA QUEBRABA OU APAGADA|
420|U.C.  COM FRAUDE|
421|CLIENTE NAO BAIXA RENDA|
422|MEDIDOR INTERNO|
423|QUADRO DE MEDIÇÃO DE MADEIRA|
424|MEDIDOR COM   PONTEIRO|
425|QD MEDIÇÃO AGRUPADA DE MADEIRA|
426|RAMAL COLETIVO|
427|RAMAL DE LIGAÇÃO C/ EMENDAS|
428|CAIXA DE MEDIÇÃO SEM TAMPA|
429|FALTA  DISJUNTOR DE PROTECAO|
430|PONTALETE QUEBRADO|
431|CURVA  RAMAL DE LIGAÇÃO QUEBRADO|
432|LAMPADAS IP APAGADA CONF.  INFORMADO CLIENTE|
433|CONEXÃO SEM ISOLAMENTO|
434|RAMAL DE LIGAÇÃO DESENCAPADO|
435|UC COM/IND SEM SELO NO MED/QUA|
436|UC SEM SELO DE SEG. NA CAIXA|
437|CLIENTE COM IRRIGAÇÃO|
438|REDE BT DENTRO DA PROPRIEDADE|
439|CAIXA COM LENTE EM TOPO DO POSTE|
440|UC COM ATIVIDADE COMERCIAL|
441|IMOVEL DE ALTO PADRÃO|
442|CASA OU SITIO DE VERANEIO/CHACARA|
443|MEDIDOR COM  INCLINACAO|
444|LAMPADA EM POSTE DE JARDIM-RAMAL CONVENCIONAL|
445|LAMPADA EM POSTE DE JARDIM-RAMAL CONCENTRICO|
446|UC COM ATIVIDADE RESIDENCIAL|
447|RESTAURANTE|
448|RESIDENCIAL COM AR CONDICIONADO|
449|MOTEL|
450|MED ELETRO C/SEG DISPLAY QUEIMADO|
451|MED. ELETR -BAT RUIM|
452|UC VIZINHA APTA VENDA PADAO|
453|SUSPEITA DE USO DE GARRAS NA RE|
454|UC SEM PORTA CARTA|
455|TAMPA CX DE MEDIÇÃO SEM TRANSPARENCIA|
456|MED TEVE CONTATO AGUA ENCHENTE|
457|CLUBE|
458|PARQUE DE VAQUEJADA|
459|MED DENTRO VARANDA/MURO FRENTE|
460|CX MEDIÇÃO VIRADA P/VIA PÚBLIC|
461|POSTO DE COMBUSTIVEL|
462|GRAFICA|
463|LIVRE PARA USO|
464|CERAMICA|
465|UC ASF HABITADA|
466|ZONA DE PIPA/RAIA|
467|CONST PADRÃO RURAL  ATÉ 50 M -|
468|CONST PADRÃO RURAL - 51 À 100|
469|CONST PADRÃO RURAL - 101 À 200|
470|MEDIÇÃO INTERNA - MURO BAIXO|
471|MEDIÇÃO INTERNA - MURO ALTO|
472|MEDIÇÃO INTERNA - CAO SOLTO|
473|MEDIÇÃO INTERNA - CAIXA ENERGIZADA|
474|MEDIÇÃO INTERNA - C/INSETO/ANIMAL PEÇONHENTO|
475|MEDIÇÃO INTERNA COM MEDIDOR ARRIADO|
476|BALNEARIO|
477|CONDOMINIO FECHADO COM IIP INTERNA|
478|CX MED POLICARB. TAMPA EMBASSA|
479|CX MED  FERRO TAMPA EMBASSADA|
480|MEDIDOR DERRETENDO COM LEITURA|
481|LUMINARIA CLANDESTINA|
482|MAIS DE UM MEDIDOR NA UC|
483|BAR|
484|PADARIA|
485|FABRICA DE GELO|
486|DISJUNTOR GERAL ACIMA DE 32A|
487|LOG5|
488|LOG6|
489|LOG7|
490|LOG8|
491|LOG9|
492|FRIGORIFICO|
493|LOG11|
494|LOG12|
495|SITUACAO DE  RISCO|
496|ARVORE NA REDE ELÉTRICA|
497|RAMAL DE LIGAÇÃO DANIFICADO|
498|SALAO DE BELEZA|
499|METALURGICA E RECICLGEM|
501|LOG01|
502|LOG02|
503|LOG03|
504|LEITURA MINIMA VALIDADA POR NC|
505|LEITURA MAXIMA VALIDADA POR NC|
506|FI RELIGADO MAIOR QUE 50 DIAS|
507|FAT CONVENCIONAL POR CLIENTE RELIGADO|
510|FATURADO POR LEITURA URA|
512|DUVIDOSO FATURADO POR MINIMA|
513|DUVIDOSO FATURADO POR MEDIA|
515|ASF COM FORNECIMENTO|
520|U.C.F - UC ATUAL|
521|MEDIÇÃO CAIXA TRAVADA|
522|MEDIDOR COM CAMPO MAGNETICO|
540|UC DEMOLIDA COM MEDIDOR COM RAMAL|
541|UC DEMOLIDA COM MEDIDOR SEM RAMAL|
555|LEITURA COLHIDA P/REPESCAGEM|
601|CODIGO DE CD 1|
602|CODIGO DE CD 2|
603|CODIGO DE CD 3|
604|CODIGO DE CD 4|
605|CODIGO DE CD 5|
606|CODIGO DE CD 6|
607|CODIGO DE CD 7|
608|CODIGO DE CD 8|
609|CODIGO DE CD 9|
610|CODIGO DE CD 10|
611|CD SE CODIGO|
612|CD PARTICULAR|
613|CÓDIGO DE CD 613|
614|CÓDIGO DE CD 614|
615|CÓDIGO DE CD 615|
616|CÓDIGO DE CD 616|
617|CÓDIGO DE CD 617|
618|CÓDIGO DE CD 618|
619|CÓDIGO DE CD 619|
620|CÓDIGO DE CD 620|
621|CÓDIGO DE CD 621|
622|CÓDIGO DE CD 622|
623|CÓDIGO DE CD 623|
624|CÓDIGO DE CD 624|
625|CÓDIGO DE CD 625|
626|CÓDIGO DE CD 626|
627|CÓDIGO DE CD 627|
628|CÓDIGO DE CD 628|
629|CÓDIGO DE CD 629|
630|CÓDIGO DE CD 630|
631|CÓDIGO DE CD 631|
632|CODIGO DE CD 632|
633|CODIGO DE CD 633|
700|ÁREA COM DCZ  - (DENGUE,CHICUNGUNHA OU ZICA)|
701|RISCO POTENCIAL DE FOCO MOSQUITO AEDES AEGYPTI|
777|SMART CITY|
A1|CLIENTE SEM FORNECIMENTO C/CON|
A2|CLIENTE SEM FORNECIMENTO C/CON|
A3|CLIENTE SEM FORNECIEMENTO C/CO|
B|LEITURA BIMESTRAL|
C|CLIENTE SEM FORNECIMENTO|
F|CONSUMO FIXO - FORFAIT|
G|G - D - L|
N|UC SEM MEDIDOR|
S|SEM REGISTRO NO ARQUIVO MOVIMENTO|
SI|CODIGO IRREGULARIDADE INVALIDO|
SL|SEM LEITURA / SEM IRRREGULARIDADE|
U|FATURADO TAXA MINIMA|
